// Jest Snapshot v1, https://goo.gl/fbAQLP

exports[`Bio renders to matchsnaphot 1`] = `
<div>
  <div
    class="bio"
  >
    <p>
      test text
      <strong>
        test bold
      </strong>
      <em>
        test italic
      </em>
    </p>
  </div>
</div>
`;
