// Jest Snapshot v1, https://goo.gl/fbAQLP

exports[`ToolTip renders correctly 1`] = `
<span
  className="tooltip"
  onMouseLeave={[Function]}
>
  <span
    className="tooltip-trigger"
    onMouseOver={[Function]}
  >
    <div>
      Child
    </div>
  </span>
</span>
`;
