// Jest Snapshot v1, https://goo.gl/fbAQLP

exports[`Layout renders correctly 1`] = `
<div>
  <main>
    <div>
      Test Child
    </div>
  </main>
  <footer>
    Â© 
    2019
    , Built with
     
    <a
      href="https://www.gatsbyjs.org"
    >
      Gatsby
    </a>
  </footer>
</div>
`;
